B-dishName I-dishName I-dishName I-dishName E-dishName O O O O
B-tvchannel I-tvchannel I-tvchannel E-tvchannel B-category E-category O O O
O O O B-endLoc_poi I-endLoc_poi I-endLoc_poi E-endLoc_poi
B-name I-name I-name I-name E-name
O B-endLoc_city E-endLoc_city O O O O O
B-Src E-Src O B-Dest E-Dest O O O O O O
O O O O O B-category E-category
O O O O O O
O B-name E-name O O O
B-content E-content O B-target E-target O O O
B-name I-name E-name O O O O O O O O O
O O O O O O
B-datetime_date E-datetime_date B-datetime_time E-datetime_time B-tvchannel I-tvchannel I-tvchannel E-tvchannel O O O
O B-dishName I-dishName E-dishName O O O O
B-location_poi I-location_poi I-location_poi I-location_poi E-location_poi O O O
B-dishName I-dishName I-dishName E-dishName O O O O O O O O O O
B-tvchannel I-tvchannel I-tvchannel E-tvchannel B-datetime_date I-datetime_date I-datetime_date I-datetime_date E-datetime_date O O O B-name I-name I-name E-name O
B-name I-name E-name
B-dishName I-dishName I-dishName E-dishName
B-ingredient I-ingredient E-ingredient O O O O
B-name I-name I-name E-name O B-yesterday E-yesterday O O O O O O
O B-name I-name E-name
B-tvchannel I-tvchannel I-tvchannel I-tvchannel I-tvchannel E-tvchannel O O O O
O O O O O B-song I-song E-song O
O O O O B-name I-name E-name
B-name I-name I-name I-name E-name
O B-endLoc_poi I-endLoc_poi I-endLoc_poi E-endLoc_poi O O O
B-tvchannel I-tvchannel I-tvchannel E-tvchannel O O O O O O
O O O S-dynasty O O O O O
O B-name I-name E-name O B-category E-category O O O O O B-receiver E-receiver
O O B-theatre I-theatre I-theatre I-theatre E-theatre O O O O O O O
B-startLoc_city E-startLoc_city O B-endLoc_city E-endLoc_city O O O
B-author E-author B-name I-name E-name O
O O B-startLoc_poi I-startLoc_poi E-startLoc_poi B-startLoc_city E-startLoc_city I-endLoc_poi I-endLoc_poi I-endLoc_poi I-endLoc_poi E-endLoc_poi
B-dishName I-dishName E-dishName O O O O
O O B-name E-name O O
B-category E-category O O O O O O
B-dishName I-dishName E-dishName O O O O O O
O O O B-author I-author E-author O O O
O O O O O O O O O B-category E-category
B-dishName I-dishName I-dishName I-dishName E-dishName O
O O O O O O O O O B-dishName I-dishName I-dishName I-dishName E-dishName O O O O O O
O O O B-startDate_date E-startDate_date B-startLoc_city E-startLoc_city O O B-endLoc_city E-endLoc_city O O O O O O O O O O O O O
B-category E-category O O B-type E-type O O O
B-artist I-artist E-artist O B-name I-name E-name
O B-name I-name I-name E-name
O O O O O B-startLoc_city E-startLoc_city O B-endLoc_city E-endLoc_city O O O
B-name I-name I-name E-name O O O O O O O
O O O O O B-song E-song
B-datetime_time E-datetime_time B-tvchannel I-tvchannel I-tvchannel E-tvchannel O O O O O O
O O O O B-name E-name
O B-name I-name E-name
O O O O O O O O O
B-timeDescr E-timeDescr O O O B-scoreDescr E-scoreDescr O B-category I-category I-category I-category E-category B-tag E-tag O O
O O O O B-name I-name E-name
O O B-media E-media B-category E-category O O
B-dishName I-dishName I-dishName E-dishName O O O O O O
O B-name I-name E-name O O O O O B-receiver E-receiver
O O O B-dishName I-dishName I-dishName E-dishName O O O O O O O O O
B-startLoc_area E-startLoc_area O B-endLoc_city E-endLoc_city O O O O
B-startDate_date I-startDate_date I-startDate_date I-startDate_date E-startDate_date O B-endLoc_city E-endLoc_city O O O O
O O O O O O O O
B-name I-name I-name I-name E-name
O O O O O
B-startDate_date I-startDate_date I-startDate_date E-startDate_date O B-startLoc_city E-startLoc_city O B-endLoc_city E-endLoc_city O O O O O O O
B-keyword E-keyword O
B-location_area I-location_area E-location_area O O
O O B-datetime_date I-datetime_date I-datetime_date E-datetime_date B-tvchannel I-tvchannel I-tvchannel I-tvchannel I-tvchannel I-tvchannel I-tvchannel E-tvchannel O O B-name I-name I-name I-name E-name O
O B-endLoc_poi I-endLoc_poi I-endLoc_poi E-endLoc_poi
O O O O O B-scoreDescr E-scoreDescr O B-category I-category E-category O
O O B-dishName E-dishName O
B-name I-name I-name E-name
O O B-name I-name E-name O
B-dishName I-dishName I-dishName E-dishName O O O O
B-location_city I-location_city E-location_city B-location_poi I-location_poi I-location_poi I-location_poi E-location_poi O O O
B-dishName I-dishName E-dishName O O O O
O O O O O O
B-startLoc_area E-startLoc_area O B-endLoc_city E-endLoc_city O O O O
O O O O O O O O
B-startLoc_city E-startLoc_city O B-endLoc_city E-endLoc_city O O O O
O B-name I-name E-name O O O
O O O O O S-popularity O B-category E-category
O O B-startLoc_city E-startLoc_city O B-endLoc_city E-endLoc_city O O O O
O O O O O B-dishName I-dishName E-dishName O
O O O B-name I-name I-name E-name O O O O O O
O O B-name E-name
O O O B-artist I-artist E-artist O O O
O O B-datetime_time E-datetime_time O B-name I-name I-name E-name
O O O B-category E-category O O
B-keyword E-keyword O O O O O
O O B-name I-name I-name E-name O O
O O O O O B-song I-song I-song E-song O O O O
O B-dishName I-dishName E-dishName O O O O O O O
O O B-content I-content I-content E-content
O O O B-name I-name I-name E-name O O O
O O O O O O B-content I-content E-content
O O O B-name I-name I-name I-name E-name
B-keyword I-keyword E-keyword O O
O O O O B-keyword I-keyword E-keyword
B-name I-name I-name E-name B-category I-category E-category
O B-dishName E-dishName O O O O
O O O O O S-dynasty O B-name E-name O
O O O O O O O
B-datetime_date E-datetime_date O O O O O O O
B-Src E-Src O B-Dest E-Dest O O O
B-dishName E-dishName
O O O O O S-dynasty O B-author E-author O O
O B-name E-name O O O
O O O O B-ingredient E-ingredient O O O O
O O B-name I-name E-name O O O O O
O O O B-song I-song E-song O O O
O B-name E-name O O O
B-content E-content O B-target E-target O O O
B-content I-content I-content E-content O B-target E-target O O O
O B-name I-name I-name E-name B-episode I-episode E-episode
O O O B-category E-category O O B-name I-name I-name I-name I-name I-name I-name I-name I-name E-name
B-dishName I-dishName I-dishName I-dishName I-dishName I-dishName E-dishName
B-content I-content E-content B-target E-target O O O
O O B-dishName I-dishName E-dishName O O O O
O O B-name E-name O O
O B-name E-name O O O
O O O B-dishName I-dishName I-dishName I-dishName E-dishName O O O O
O O O O O O B-category E-category O
B-name I-name I-name E-name
O O O O O B-dishName I-dishName I-dishName E-dishName O O O O
O O B-name I-name I-name I-name I-name I-name E-name
O O B-name I-name I-name I-name E-name
O O B-name I-name I-name E-name O O O
O O B-content I-content I-content E-content
B-keyword I-keyword I-keyword E-keyword O
B-keyword I-keyword I-keyword I-keyword E-keyword B-queryField I-queryField E-queryField O O O O
B-startLoc_city E-startLoc_city O B-endLoc_city E-endLoc_city O O O
B-startDate_date E-startDate_date O B-endLoc_city E-endLoc_city O O O O
B-keyword I-keyword E-keyword O O O O
B-location_city E-location_city O B-location_poi I-location_poi E-location_poi O O
B-dishName I-dishName I-dishName I-dishName E-dishName O O O O
O B-name I-name I-name I-name I-name E-name O
O O B-ingredient E-ingredient O O O
B-name E-name O O O O O O O O
B-keyword I-keyword E-keyword
O O B-category E-category O O O O O O O O
B-name I-name I-name E-name O O
O O O B-artist I-artist E-artist O O O
B-datetime_date I-datetime_date I-datetime_date I-datetime_date E-datetime_date B-name I-name I-name I-name I-name I-name I-name I-name I-name I-name I-name E-name
B-datetime_date E-datetime_date O O
B-dishName I-dishName E-dishName O O O O
O O O O O B-endLoc_province E-endLoc_province B-endLoc_poi E-endLoc_poi O O
B-name I-name I-name I-name E-name O O O O O O
O O O O O
O O O O B-category E-category O
B-startDate_date E-startDate_date B-startLoc_city E-startLoc_city O B-endLoc_city E-endLoc_city O O O
O O B-startDate_date E-startDate_date B-startLoc_city E-startLoc_city O B-endLoc_city E-endLoc_city O O O
O O O O O B-code I-code I-code E-code B-name I-name I-name I-name I-name I-name I-name E-name
O B-endLoc_poi I-endLoc_poi I-endLoc_poi E-endLoc_poi O O O
O O O O B-name E-name
O O O O B-dishName E-dishName O O O O
O B-name I-name E-name O
O O B-artist I-artist E-artist O O
B-startLoc_city E-startLoc_city O B-endLoc_city I-endLoc_city I-endLoc_city E-endLoc_city O O O O
O O O O B-category I-category E-category
O B-name I-name E-name O O O O O B-receiver I-receiver E-receiver
O B-name E-name O O O O O O B-content I-content I-content I-content I-content E-content
O O B-name I-name I-name I-name I-name I-name E-name
O O O O O O O
O O O O O O O O O O O O O
O B-endLoc_city E-endLoc_city O O O
O B-name I-name E-name O O O O B-content I-content I-content I-content I-content I-content I-content E-content
O O B-name I-name I-name E-name
B-ingredient E-ingredient O O O O
O O B-startDate_date E-startDate_date B-startLoc_city E-startLoc_city O B-endLoc_city E-endLoc_city O O O
O O O B-category I-category I-category E-category O O
B-dishName I-dishName E-dishName O O O O
O O O O O O
O O O O O B-name I-name I-name E-name O O
O O O O O O O B-name E-name O
B-dishName I-dishName E-dishName O
B-name E-name B-category I-category E-category
O O S-dishName O O O O
O B-name E-name O O O B-content I-content I-content E-content
O B-name I-name E-name O O O
B-tvchannel I-tvchannel I-tvchannel I-tvchannel I-tvchannel E-tvchannel O O O
O B-tvchannel I-tvchannel I-tvchannel I-tvchannel E-tvchannel B-name I-name E-name O O
O O O B-author E-author O O O
O O O O O B-name I-name E-name
B-name I-name I-name I-name I-name I-name E-name
O O O B-name I-name E-name O O O
O O B-name E-name
O O S-ingredient O O O O O
O O B-startLoc_city E-startLoc_city O B-endLoc_city E-endLoc_city O O O
O O O O B-name I-name E-name
O B-name I-name I-name I-name E-name
O O O B-dishName I-dishName I-dishName I-dishName E-dishName O
O O B-name I-name I-name E-name
B-datetime_time E-datetime_time B-tvchannel I-tvchannel I-tvchannel E-tvchannel O O O O O O O
O O B-name I-name I-name E-name
B-name I-name I-name E-name
O O O O O O O O
B-dishName I-dishName I-dishName I-dishName I-dishName E-dishName O O O O
O O O B-category E-category O O
B-startDate_date E-startDate_date O B-endLoc_city E-endLoc_city O O O O
B-startDate_date E-startDate_date B-startLoc_city E-startLoc_city O B-endLoc_city E-endLoc_city O O O O
S-content B-target E-target O O O
O O B-name E-name O O
O O O O B-endLoc_poi I-endLoc_poi E-endLoc_poi O O O
O O O O O B-category E-category O O O O O O O O O O O
B-tvchannel I-tvchannel I-tvchannel E-tvchannel B-datetime_time E-datetime_time O O O B-category I-category E-category O
O O O B-startLoc_city E-startLoc_city O B-endLoc_city E-endLoc_city O O O O
O O O O O O B-name E-name
O O O O B-name E-name
B-keyword I-keyword E-keyword O O O O O
B-startLoc_city E-startLoc_city O B-endLoc_city E-endLoc_city O O O O
B-name I-name I-name I-name E-name
B-author E-author O B-name I-name E-name O
O O O B-category E-category O O
B-ingredient E-ingredient O O O O
B-keyword E-keyword O O O O O O O
B-startDate_date I-startDate_date I-startDate_date E-startDate_date O B-startLoc_city E-startLoc_city O B-endLoc_city E-endLoc_city O O O
B-startDate_date E-startDate_date B-startLoc_city E-startLoc_city O B-endLoc_city E-endLoc_city O O O
O O O O O B-endLoc_poi I-endLoc_poi I-endLoc_poi I-endLoc_poi E-endLoc_poi O O O
B-name I-name E-name
O O B-datetime_date E-datetime_date O O O O O O
O O O O O O O O O
O B-category E-category O O O O
B-startLoc_city E-startLoc_city O B-endLoc_city E-endLoc_city O O O
B-dishName I-dishName I-dishName I-dishName E-dishName O
O O O O O O
O O O B-category E-category O O O O O O
O O O O B-dishName E-dishName O O O O
B-name I-name I-name E-name O O
B-keyword E-keyword O
O O O O B-dishName I-dishName E-dishName O O O O
B-startLoc_city E-startLoc_city O B-endLoc_city E-endLoc_city O O O
O B-dishName E-dishName O
B-content E-content O B-target E-target O O O
O O B-name E-name
O B-name E-name
B-dishName I-dishName E-dishName O
O O O O O B-code I-code I-code I-code E-code B-name I-name I-name I-name I-name I-name I-name E-name
O B-Src E-Src O B-Dest E-Dest O O O O
B-song I-song I-song I-song E-song O O O
B-startLoc_city E-startLoc_city O B-endLoc_city E-endLoc_city O O O O O O
B-ingredient E-ingredient O O O O
B-keyword E-keyword O
B-name I-name I-name I-name E-name
O O B-dishName I-dishName E-dishName O O O O
B-resolution E-resolution B-name I-name E-name
B-keyword E-keyword O O O O O O
B-name I-name E-name
B-dishName E-dishName O O O O O
B-content I-content I-content I-content I-content E-content O B-target E-target O O O
B-startLoc_city E-startLoc_city O B-endLoc_city E-endLoc_city O O O
O O O B-name I-name E-name
B-ingredient I-ingredient E-ingredient O O O O O O
O B-ingredient E-ingredient O O O O O
O O O B-song I-song I-song I-song E-song O
O O B-name I-name I-name I-name E-name O O O O O O O
B-category E-category B-name I-name I-name E-name
O O O O O O O
O O O O O
O O B-name I-name I-name E-name
O O B-name E-name
O O O B-name I-name I-name E-name
O O O O B-category E-category O
B-name I-name I-name E-name O O O O
B-Src E-Src O B-Dest I-Dest E-Dest O O O O
O O O B-startLoc_city E-startLoc_city O B-endLoc_city E-endLoc_city O O O
O B-name I-name E-name O O O O B-content I-content I-content I-content E-content
O O O O B-datetime_date E-datetime_date B-datetime_time E-datetime_time O O O B-name I-name I-name I-name E-name B-code E-code O O
B-ingredient E-ingredient O O O O
B-dishName I-dishName I-dishName I-dishName E-dishName O O O O
